GitHub user charlesccychen opened a pull request:

    https://github.com/apache/beam/pull/4112

    [BEAM-3172] Properly handle side input exception when all reader threads complete

    R: @chamikaramj 

You can merge this pull request into a Git repository by running:

    $ git pull https://github.com/charlesccychen/beam side-input-exception

Alternatively you can review and apply these changes as the patch at:

    https://github.com/apache/beam/pull/4112.patch

To close this pull request, make a commit to your master/trunk branch
with (at least) the following in the commit message:

    This closes #4112
    
----
commit 8afe87c9a7eda6ac7b9e51e9d4e2919e5a1dd9f3
Author: Charles Chen <ccy@google.com>
Date:   2017-11-10T19:28:43Z

    Properly handle side input exception when all reader threads complete

----


Github user asfgit closed the pull request at:

    https://github.com/apache/beam/pull/4112


GitHub user charlesccychen opened a pull request:

    https://github.com/apache/beam/pull/4114

    [BEAM-3172] CP PR 4113: Properly handle side input exception when all reader threads complete

    R: @reuvenlax 
    CC: @chamikaramj 

You can merge this pull request into a Git repository by running:

    $ git pull https://github.com/charlesccychen/beam sideinputs-cp

Alternatively you can review and apply these changes as the patch at:

    https://github.com/apache/beam/pull/4114.patch

To close this pull request, make a commit to your master/trunk branch
with (at least) the following in the commit message:

    This closes #4114
    
----
commit 8b6909e231289143c121bce5b38de76f82f56c32
Author: Charles Chen <ccy@google.com>
Date:   2017-11-10T19:28:43Z

    CP PR 4113: Properly handle side input exception when all reader threads complete

----


GitHub user charlesccychen opened a pull request:

    https://github.com/apache/beam/pull/4122

    [BEAM-3172] Fix flakiness in sideinputs_test

    This change also does a slight clean-up of the exception handling logic.
    
    R: @chamikaramj 

You can merge this pull request into a Git repository by running:

    $ git pull https://github.com/charlesccychen/beam sideinputs-test

Alternatively you can review and apply these changes as the patch at:

    https://github.com/apache/beam/pull/4122.patch

To close this pull request, make a commit to your master/trunk branch
with (at least) the following in the commit message:

    This closes #4122
    
----

----


Github user asfgit closed the pull request at:

    https://github.com/apache/beam/pull/4122


Does this need be be merged into the release branch? We're about to cut RC4.

Github user asfgit closed the pull request at:

    https://github.com/apache/beam/pull/4114


PR was cherry picked to the 2.2.0 release branch. Resolving this JIRA.

