GitHub user dspavlov opened a pull request:

    https://github.com/apache/ignite/pull/3229

    IGNITE-7182: Checkpoint pages: optimize and parallel sorting, fast start

    

You can merge this pull request into a Git repository by running:

    $ git pull https://github.com/gridgain/apache-ignite ignite-7182

Alternatively you can review and apply these changes as the patch at:

    https://github.com/apache/ignite/pull/3229.patch

To close this pull request, make a commit to your master/trunk branch
with (at least) the following in the commit message:

    This closes #3229
    
----
commit 45f6340a518d8580c96614e0c12eb379a2c6202d
Author: dpavlov <dpavlov@gridgain.com>
Date:   2017-12-13T15:43:39Z

    IGNITE-7182: async sorting of CP pages first variant

commit c088390173d04e5be57d3f91bc602733466702da
Author: dpavlov <dpavlov@gridgain.com>
Date:   2017-12-13T19:23:45Z

    IGNITE-7182: lazy transfer of quick-sorted values to async checkpointer, WIP

commit 7643854c87d81a18239489bf75047add6168929a
Author: dpavlov <dpavlov@gridgain.com>
Date:   2017-12-14T12:12:35Z

    IGNITE-7182: lazy transfer of quick-sorted values to async checkpointer, WIP

commit dd4894f30f47ba86c505bc42e650de44ab6cee57
Author: dpavlov <dpavlov@gridgain.com>
Date:   2017-12-14T12:59:01Z

    IGNITE-7182: checkpoint scope class instead of T2

----


GitHub user dspavlov opened a pull request:

    https://github.com/apache/ignite/pull/3244

    IGNITE-7182: throttle only changes

    Part of implementation changes throttling policy

You can merge this pull request into a Git repository by running:

    $ git pull https://github.com/gridgain/apache-ignite ignite-7182-throttle-only

Alternatively you can review and apply these changes as the patch at:

    https://github.com/apache/ignite/pull/3244.patch

To close this pull request, make a commit to your master/trunk branch
with (at least) the following in the commit message:

    This closes #3244
    
----
commit dd8a7ac47df1dc401e5a98dc21f9a0988fb50b0f
Author: dpavlov <dpavlov@gridgain.com>
Date:   2017-12-01T16:47:45Z

    GG-13117: PDS compatibility test flaky failure: debug code added

commit 6c7b4fb24542672944220dca94efffa94a969ee2
Author: dspavlov <dpavlov@gridgain.com>
Date:   2017-12-16T07:49:42Z

    IGNITE-7182: Throttle only changes, fixes too aggressive throttling at CP begin

----


Github user dspavlov closed the pull request at:

    https://github.com/apache/ignite/pull/3244


Github user dspavlov closed the pull request at:

    https://github.com/apache/ignite/pull/3229


GitHub user dspavlov opened a pull request:

    https://github.com/apache/ignite/pull/3830

    IGNITE-7182 Supported striped dirty page storage in skip list maps  

    And quick sort with early cp pages write start

You can merge this pull request into a Git repository by running:

    $ git pull https://github.com/gridgain/apache-ignite ignite-7182-buckets2

Alternatively you can review and apply these changes as the patch at:

    https://github.com/apache/ignite/pull/3830.patch

To close this pull request, make a commit to your master/trunk branch
with (at least) the following in the commit message:

    This closes #3830
    
----
commit f5fbd1a8951f73897aaadea2656ec35ede852762
Author: dpavlov <dpavlov@...>
Date:   2018-04-16T14:36:02Z

    IGNITE-7182 Supported striped dirty page storage in skip list maps and quick sort with early cp pages write start

----


Github user dspavlov closed the pull request at:

    https://github.com/apache/ignite/pull/3243


Benchmarking does not show any performance boost from another sorting

