GitHub user mjsax opened a pull request:

    https://github.com/apache/kafka/pull/3201

    KAFKA-5362: Add EOS system tests for Streams API

    

You can merge this pull request into a Git repository by running:

    $ git pull https://github.com/mjsax/kafka kafka-5362-add-eos-system-tests-for-streams-api

Alternatively you can review and apply these changes as the patch at:

    https://github.com/apache/kafka/pull/3201.patch

To close this pull request, make a commit to your master/trunk branch
with (at least) the following in the commit message:

    This closes #3201
    
----
commit 22abf4f18d009b286ed7bb84ca89959c5a829cef
Author: Matthias J. Sax <matthias@confluent.io>
Date:   2017-05-30T19:14:55Z

    KAFKA-5362: Add EOS system tests for Streams API

commit 321c6a2c640e8284ce016cdbd52173dc2620ee5e
Author: Matthias J. Sax <matthias@confluent.io>
Date:   2017-06-01T22:20:20Z

    cleanup

----


Issue resolved by pull request 3201
[https://github.com/apache/kafka/pull/3201]

Github user asfgit closed the pull request at:

    https://github.com/apache/kafka/pull/3201


GitHub user mjsax opened a pull request:

    https://github.com/apache/kafka/pull/3310

    KAFKA-5362: Add Streams EOS system test with repartitioning topic

    

You can merge this pull request into a Git repository by running:

    $ git pull https://github.com/mjsax/kafka kafka-5362-add-eos-system-tests-for-streams-api

Alternatively you can review and apply these changes as the patch at:

    https://github.com/apache/kafka/pull/3310.patch

To close this pull request, make a commit to your master/trunk branch
with (at least) the following in the commit message:

    This closes #3310
    
----
commit 71afa216515d187553b7e6b0415308be8d80c675
Author: Matthias J. Sax <matthias@confluent.io>
Date:   2017-06-10T06:05:45Z

    KAFKA-5362: Add Streams EOS system test with repartitioning topic

----


Github user asfgit closed the pull request at:

    https://github.com/apache/kafka/pull/3310


GitHub user mjsax opened a pull request:

    https://github.com/apache/kafka/pull/3542

    KAFKA-5362: Follow up to Streams EOS system test

     - improve tests to get rid of calls to `sleep` in Python
     - fixed some flaky test conditions
     - improve debugging

You can merge this pull request into a Git repository by running:

    $ git pull https://github.com/mjsax/kafka failing-eos-system-tests

Alternatively you can review and apply these changes as the patch at:

    https://github.com/apache/kafka/pull/3542.patch

To close this pull request, make a commit to your master/trunk branch
with (at least) the following in the commit message:

    This closes #3542
    
----
commit b2cf22577de017fd8a6a712de36620a600376827
Author: Matthias J. Sax <matthias@confluent.io>
Date:   2017-07-07T04:39:48Z

    KAFKA-5362: Follow up EOS system test
     - reduce test runtime by removing sleep calls
     - improved debugging
     - minor fix for KafkaStreams state listener callback

commit 9c6f2e94d0ca3b0750fbd4424824e6984d8e794c
Author: Matthias J. Sax <matthias@confluent.io>
Date:   2017-07-08T00:37:23Z

    MINOR: fix flaky Stream EOS system test
     - need to check topic-partition position even if no data is returned
     - should not kill producer on failure
     - improved debugging

----


Github user asfgit closed the pull request at:

    https://github.com/apache/kafka/pull/3542


