It's now 2 tests in {{ZeppelinSparkClusterTest}} that looks flaky

GitHub user zjffdu opened a pull request:

    https://github.com/apache/zeppelin/pull/1765

    ZEPPELIN-1761. CI: ZeppelinSparkClusterTest .pySpark* fail the build

    ### What is this PR for?
    Add more logging as I could not reproduce it locally. 
    
    
    ### What type of PR is it?
    [ Improvement ]
    
    ### Todos
    * [ ] - Task
    
    ### What is the Jira issue?
    * https://issues.apache.org/jira/browse/ZEPPELIN-1761
    
    ### How should this be tested?
    Outline the steps to test the PR here.
    
    ### Screenshots (if appropriate)
    
    ### Questions:
    * Does the licenses files need update? No
    * Is there breaking changes for older versions? No
    * Does this needs documentation? No
    


You can merge this pull request into a Git repository by running:

    $ git pull https://github.com/zjffdu/zeppelin ZEPPELIN-1761

Alternatively you can review and apply these changes as the patch at:

    https://github.com/apache/zeppelin/pull/1765.patch

To close this pull request, make a commit to your master/trunk branch
with (at least) the following in the commit message:

    This closes #1765
    
----
commit 40bdf30185e6b63c7178e44973a3d922ab69efb1
Author: Jeff Zhang <zjffdu@apache.org>
Date:   2016-12-15T07:29:07Z

    ZEPPELIN-1761. CI: ZeppelinSparkClusterTest .pySpark* fail the build

----


Github user zjffdu closed the pull request at:

    https://github.com/apache/zeppelin/pull/1765


GitHub user zjffdu reopened a pull request:

    https://github.com/apache/zeppelin/pull/1765

    ZEPPELIN-1761. CI: ZeppelinSparkClusterTest .pySpark* fail the build

    ### What is this PR for?
    Add more logging as I could not reproduce it locally. 
    
    
    ### What type of PR is it?
    [ Improvement ]
    
    ### Todos
    * [ ] - Task
    
    ### What is the Jira issue?
    * https://issues.apache.org/jira/browse/ZEPPELIN-1761
    
    ### How should this be tested?
    Outline the steps to test the PR here.
    
    ### Screenshots (if appropriate)
    
    ### Questions:
    * Does the licenses files need update? No
    * Is there breaking changes for older versions? No
    * Does this needs documentation? No
    


You can merge this pull request into a Git repository by running:

    $ git pull https://github.com/zjffdu/zeppelin ZEPPELIN-1761

Alternatively you can review and apply these changes as the patch at:

    https://github.com/apache/zeppelin/pull/1765.patch

To close this pull request, make a commit to your master/trunk branch
with (at least) the following in the commit message:

    This closes #1765
    
----
commit 8030119c21f09726897c1d72d767fb9618ee9bec
Author: Jeff Zhang <zjffdu@apache.org>
Date:   2016-12-15T07:29:07Z

    ZEPPELIN-1761. CI: ZeppelinSparkClusterTest .pySpark* fail the build

----


Github user zjffdu commented on the issue:

    https://github.com/apache/zeppelin/pull/1765
  
    This PR is not ready for review, I just add more logging to reproduce it in CI. 


GitHub user zjffdu reopened a pull request:

    https://github.com/apache/zeppelin/pull/1765

    ZEPPELIN-1761. CI: ZeppelinSparkClusterTest .pySpark* fail the build

    ### What is this PR for?
    Add more logging as I could not reproduce it locally. 
    
    
    ### What type of PR is it?
    [ Improvement ]
    
    ### Todos
    * [ ] - Task
    
    ### What is the Jira issue?
    * https://issues.apache.org/jira/browse/ZEPPELIN-1761
    
    ### How should this be tested?
    Outline the steps to test the PR here.
    
    ### Screenshots (if appropriate)
    
    ### Questions:
    * Does the licenses files need update? No
    * Is there breaking changes for older versions? No
    * Does this needs documentation? No
    


You can merge this pull request into a Git repository by running:

    $ git pull https://github.com/zjffdu/zeppelin ZEPPELIN-1761

Alternatively you can review and apply these changes as the patch at:

    https://github.com/apache/zeppelin/pull/1765.patch

To close this pull request, make a commit to your master/trunk branch
with (at least) the following in the commit message:

    This closes #1765
    
----
commit 6f7c5897a3a069f4c512cef7925894dd5d66c5dc
Author: Jeff Zhang <zjffdu@apache.org>
Date:   2016-12-15T07:29:07Z

    ZEPPELIN-1761. CI: ZeppelinSparkClusterTest .pySpark* fail the build

----


Github user zjffdu closed the pull request at:

    https://github.com/apache/zeppelin/pull/1765


Github user felixcheung commented on the issue:

    https://github.com/apache/zeppelin/pull/1765
  
    could you mark the title with [WIP]?
    let me know when this is ready!


Github user zjffdu closed the pull request at:

    https://github.com/apache/zeppelin/pull/1765


GitHub user zjffdu reopened a pull request:

    https://github.com/apache/zeppelin/pull/1765

    [WIP] ZEPPELIN-1761. CI: ZeppelinSparkClusterTest .pySpark* fail the build

    ### What is this PR for?
    Add more logging as I could not reproduce it locally. 
    
    
    ### What type of PR is it?
    [ Improvement ]
    
    ### Todos
    * [ ] - Task
    
    ### What is the Jira issue?
    * https://issues.apache.org/jira/browse/ZEPPELIN-1761
    
    ### How should this be tested?
    Outline the steps to test the PR here.
    
    ### Screenshots (if appropriate)
    
    ### Questions:
    * Does the licenses files need update? No
    * Is there breaking changes for older versions? No
    * Does this needs documentation? No
    


You can merge this pull request into a Git repository by running:

    $ git pull https://github.com/zjffdu/zeppelin ZEPPELIN-1761

Alternatively you can review and apply these changes as the patch at:

    https://github.com/apache/zeppelin/pull/1765.patch

To close this pull request, make a commit to your master/trunk branch
with (at least) the following in the commit message:

    This closes #1765
    
----
commit 6f7c5897a3a069f4c512cef7925894dd5d66c5dc
Author: Jeff Zhang <zjffdu@apache.org>
Date:   2016-12-15T07:29:07Z

    ZEPPELIN-1761. CI: ZeppelinSparkClusterTest .pySpark* fail the build

----


Github user zjffdu closed the pull request at:

    https://github.com/apache/zeppelin/pull/1765


GitHub user zjffdu reopened a pull request:

    https://github.com/apache/zeppelin/pull/1765

    [WIP] ZEPPELIN-1761. CI: ZeppelinSparkClusterTest .pySpark* fail the build

    ### What is this PR for?
    Add more logging as I could not reproduce it locally. 
    
    
    ### What type of PR is it?
    [ Improvement ]
    
    ### Todos
    * [ ] - Task
    
    ### What is the Jira issue?
    * https://issues.apache.org/jira/browse/ZEPPELIN-1761
    
    ### How should this be tested?
    Outline the steps to test the PR here.
    
    ### Screenshots (if appropriate)
    
    ### Questions:
    * Does the licenses files need update? No
    * Is there breaking changes for older versions? No
    * Does this needs documentation? No
    


You can merge this pull request into a Git repository by running:

    $ git pull https://github.com/zjffdu/zeppelin ZEPPELIN-1761

Alternatively you can review and apply these changes as the patch at:

    https://github.com/apache/zeppelin/pull/1765.patch

To close this pull request, make a commit to your master/trunk branch
with (at least) the following in the commit message:

    This closes #1765
    
----
commit 5aaf4f5dce24fa4d5a01e25f45e1704829646d2c
Author: Jeff Zhang <zjffdu@apache.org>
Date:   2016-12-15T07:29:07Z

    ZEPPELIN-1761. CI: ZeppelinSparkClusterTest .pySpark* fail the build

----


Github user zjffdu closed the pull request at:

    https://github.com/apache/zeppelin/pull/1765


GitHub user zjffdu reopened a pull request:

    https://github.com/apache/zeppelin/pull/1765

    [WIP] ZEPPELIN-1761. CI: ZeppelinSparkClusterTest .pySpark* fail the build

    ### What is this PR for?
    Add more logging as I could not reproduce it locally. 
    
    
    ### What type of PR is it?
    [ Improvement ]
    
    ### Todos
    * [ ] - Task
    
    ### What is the Jira issue?
    * https://issues.apache.org/jira/browse/ZEPPELIN-1761
    
    ### How should this be tested?
    Outline the steps to test the PR here.
    
    ### Screenshots (if appropriate)
    
    ### Questions:
    * Does the licenses files need update? No
    * Is there breaking changes for older versions? No
    * Does this needs documentation? No
    


You can merge this pull request into a Git repository by running:

    $ git pull https://github.com/zjffdu/zeppelin ZEPPELIN-1761

Alternatively you can review and apply these changes as the patch at:

    https://github.com/apache/zeppelin/pull/1765.patch

To close this pull request, make a commit to your master/trunk branch
with (at least) the following in the commit message:

    This closes #1765
    
----
commit 5aaf4f5dce24fa4d5a01e25f45e1704829646d2c
Author: Jeff Zhang <zjffdu@apache.org>
Date:   2016-12-15T07:29:07Z

    ZEPPELIN-1761. CI: ZeppelinSparkClusterTest .pySpark* fail the build

----


Github user zjffdu closed the pull request at:

    https://github.com/apache/zeppelin/pull/1765


GitHub user zjffdu reopened a pull request:

    https://github.com/apache/zeppelin/pull/1765

    [WIP] ZEPPELIN-1761. CI: ZeppelinSparkClusterTest .pySpark* fail the build

    ### What is this PR for?
    Add more logging as I could not reproduce it locally. 
    
    
    ### What type of PR is it?
    [ Improvement ]
    
    ### Todos
    * [ ] - Task
    
    ### What is the Jira issue?
    * https://issues.apache.org/jira/browse/ZEPPELIN-1761
    
    ### How should this be tested?
    Outline the steps to test the PR here.
    
    ### Screenshots (if appropriate)
    
    ### Questions:
    * Does the licenses files need update? No
    * Is there breaking changes for older versions? No
    * Does this needs documentation? No
    


You can merge this pull request into a Git repository by running:

    $ git pull https://github.com/zjffdu/zeppelin ZEPPELIN-1761

Alternatively you can review and apply these changes as the patch at:

    https://github.com/apache/zeppelin/pull/1765.patch

To close this pull request, make a commit to your master/trunk branch
with (at least) the following in the commit message:

    This closes #1765
    
----
commit 5aaf4f5dce24fa4d5a01e25f45e1704829646d2c
Author: Jeff Zhang <zjffdu@apache.org>
Date:   2016-12-15T07:29:07Z

    ZEPPELIN-1761. CI: ZeppelinSparkClusterTest .pySpark* fail the build

----


Github user zjffdu closed the pull request at:

    https://github.com/apache/zeppelin/pull/1765


GitHub user zjffdu reopened a pull request:

    https://github.com/apache/zeppelin/pull/1765

    [WIP] ZEPPELIN-1761. CI: ZeppelinSparkClusterTest .pySpark* fail the build

    ### What is this PR for?
    Add more logging as I could not reproduce it locally. 
    
    
    ### What type of PR is it?
    [ Improvement ]
    
    ### Todos
    * [ ] - Task
    
    ### What is the Jira issue?
    * https://issues.apache.org/jira/browse/ZEPPELIN-1761
    
    ### How should this be tested?
    Outline the steps to test the PR here.
    
    ### Screenshots (if appropriate)
    
    ### Questions:
    * Does the licenses files need update? No
    * Is there breaking changes for older versions? No
    * Does this needs documentation? No
    


You can merge this pull request into a Git repository by running:

    $ git pull https://github.com/zjffdu/zeppelin ZEPPELIN-1761

Alternatively you can review and apply these changes as the patch at:

    https://github.com/apache/zeppelin/pull/1765.patch

To close this pull request, make a commit to your master/trunk branch
with (at least) the following in the commit message:

    This closes #1765
    
----
commit 5aaf4f5dce24fa4d5a01e25f45e1704829646d2c
Author: Jeff Zhang <zjffdu@apache.org>
Date:   2016-12-15T07:29:07Z

    ZEPPELIN-1761. CI: ZeppelinSparkClusterTest .pySpark* fail the build

----


Github user zjffdu closed the pull request at:

    https://github.com/apache/zeppelin/pull/1765


GitHub user zjffdu reopened a pull request:

    https://github.com/apache/zeppelin/pull/1765

    [WIP] ZEPPELIN-1761. CI: ZeppelinSparkClusterTest .pySpark* fail the build

    ### What is this PR for?
    Add more logging as I could not reproduce it locally. 
    
    
    ### What type of PR is it?
    [ Improvement ]
    
    ### Todos
    * [ ] - Task
    
    ### What is the Jira issue?
    * https://issues.apache.org/jira/browse/ZEPPELIN-1761
    
    ### How should this be tested?
    Outline the steps to test the PR here.
    
    ### Screenshots (if appropriate)
    
    ### Questions:
    * Does the licenses files need update? No
    * Is there breaking changes for older versions? No
    * Does this needs documentation? No
    


You can merge this pull request into a Git repository by running:

    $ git pull https://github.com/zjffdu/zeppelin ZEPPELIN-1761

Alternatively you can review and apply these changes as the patch at:

    https://github.com/apache/zeppelin/pull/1765.patch

To close this pull request, make a commit to your master/trunk branch
with (at least) the following in the commit message:

    This closes #1765
    
----
commit 5cce03cdb7a637f97b6771cce4d9de524a315a87
Author: Jeff Zhang <zjffdu@apache.org>
Date:   2016-12-15T07:29:07Z

    ZEPPELIN-1761. CI: ZeppelinSparkClusterTest .pySpark* fail the build

----


Github user zjffdu closed the pull request at:

    https://github.com/apache/zeppelin/pull/1765


GitHub user zjffdu reopened a pull request:

    https://github.com/apache/zeppelin/pull/1765

    [WIP] ZEPPELIN-1761. CI: ZeppelinSparkClusterTest .pySpark* fail the build

    ### What is this PR for?
    Add more logging as I could not reproduce it locally. 
    
    
    ### What type of PR is it?
    [ Improvement ]
    
    ### Todos
    * [ ] - Task
    
    ### What is the Jira issue?
    * https://issues.apache.org/jira/browse/ZEPPELIN-1761
    
    ### How should this be tested?
    Outline the steps to test the PR here.
    
    ### Screenshots (if appropriate)
    
    ### Questions:
    * Does the licenses files need update? No
    * Is there breaking changes for older versions? No
    * Does this needs documentation? No
    


You can merge this pull request into a Git repository by running:

    $ git pull https://github.com/zjffdu/zeppelin ZEPPELIN-1761

Alternatively you can review and apply these changes as the patch at:

    https://github.com/apache/zeppelin/pull/1765.patch

To close this pull request, make a commit to your master/trunk branch
with (at least) the following in the commit message:

    This closes #1765
    
----
commit 5cce03cdb7a637f97b6771cce4d9de524a315a87
Author: Jeff Zhang <zjffdu@apache.org>
Date:   2016-12-15T07:29:07Z

    ZEPPELIN-1761. CI: ZeppelinSparkClusterTest .pySpark* fail the build

----


Github user zjffdu closed the pull request at:

    https://github.com/apache/zeppelin/pull/1765


GitHub user zjffdu reopened a pull request:

    https://github.com/apache/zeppelin/pull/1765

    [WIP] ZEPPELIN-1761. CI: ZeppelinSparkClusterTest .pySpark* fail the build

    ### What is this PR for?
    Add more logging as I could not reproduce it locally. 
    
    
    ### What type of PR is it?
    [ Improvement ]
    
    ### Todos
    * [ ] - Task
    
    ### What is the Jira issue?
    * https://issues.apache.org/jira/browse/ZEPPELIN-1761
    
    ### How should this be tested?
    Outline the steps to test the PR here.
    
    ### Screenshots (if appropriate)
    
    ### Questions:
    * Does the licenses files need update? No
    * Is there breaking changes for older versions? No
    * Does this needs documentation? No
    


You can merge this pull request into a Git repository by running:

    $ git pull https://github.com/zjffdu/zeppelin ZEPPELIN-1761

Alternatively you can review and apply these changes as the patch at:

    https://github.com/apache/zeppelin/pull/1765.patch

To close this pull request, make a commit to your master/trunk branch
with (at least) the following in the commit message:

    This closes #1765
    
----
commit 5cce03cdb7a637f97b6771cce4d9de524a315a87
Author: Jeff Zhang <zjffdu@apache.org>
Date:   2016-12-15T07:29:07Z

    ZEPPELIN-1761. CI: ZeppelinSparkClusterTest .pySpark* fail the build

----


Github user zjffdu closed the pull request at:

    https://github.com/apache/zeppelin/pull/1765


GitHub user zjffdu reopened a pull request:

    https://github.com/apache/zeppelin/pull/1765

    [WIP] ZEPPELIN-1761. CI: ZeppelinSparkClusterTest .pySpark* fail the build

    ### What is this PR for?
    Add more logging as I could not reproduce it locally. 
    
    
    ### What type of PR is it?
    [ Improvement ]
    
    ### Todos
    * [ ] - Task
    
    ### What is the Jira issue?
    * https://issues.apache.org/jira/browse/ZEPPELIN-1761
    
    ### How should this be tested?
    Outline the steps to test the PR here.
    
    ### Screenshots (if appropriate)
    
    ### Questions:
    * Does the licenses files need update? No
    * Is there breaking changes for older versions? No
    * Does this needs documentation? No
    


You can merge this pull request into a Git repository by running:

    $ git pull https://github.com/zjffdu/zeppelin ZEPPELIN-1761

Alternatively you can review and apply these changes as the patch at:

    https://github.com/apache/zeppelin/pull/1765.patch

To close this pull request, make a commit to your master/trunk branch
with (at least) the following in the commit message:

    This closes #1765
    
----
commit 5cce03cdb7a637f97b6771cce4d9de524a315a87
Author: Jeff Zhang <zjffdu@apache.org>
Date:   2016-12-15T07:29:07Z

    ZEPPELIN-1761. CI: ZeppelinSparkClusterTest .pySpark* fail the build

----


Another one failed ZeppelinSparkClusterTest:
log - https://api.travis-ci.org/jobs/201058125/log.txt?deansi=true
config - https://travis-ci.org/apache/zeppelin/jobs/201058125/config

Github user felixcheung commented on the issue:

    https://github.com/apache/zeppelin/pull/1765
  
    where are we on this?


Github user zjffdu commented on the issue:

    https://github.com/apache/zeppelin/pull/1765
  
    Didn't see the error recently, let me try again. 


Github user zjffdu closed the pull request at:

    https://github.com/apache/zeppelin/pull/1765


GitHub user zjffdu reopened a pull request:

    https://github.com/apache/zeppelin/pull/1765

    [WIP] ZEPPELIN-1761. CI: ZeppelinSparkClusterTest .pySpark* fail the build

    ### What is this PR for?
    Add more logging as I could not reproduce it locally. 
    
    
    ### What type of PR is it?
    [ Improvement ]
    
    ### Todos
    * [ ] - Task
    
    ### What is the Jira issue?
    * https://issues.apache.org/jira/browse/ZEPPELIN-1761
    
    ### How should this be tested?
    Outline the steps to test the PR here.
    
    ### Screenshots (if appropriate)
    
    ### Questions:
    * Does the licenses files need update? No
    * Is there breaking changes for older versions? No
    * Does this needs documentation? No
    


You can merge this pull request into a Git repository by running:

    $ git pull https://github.com/zjffdu/zeppelin ZEPPELIN-1761

Alternatively you can review and apply these changes as the patch at:

    https://github.com/apache/zeppelin/pull/1765.patch

To close this pull request, make a commit to your master/trunk branch
with (at least) the following in the commit message:

    This closes #1765
    
----
commit 1fa018ca30c1d6c7a1d3d3471c89c2a0888285f9
Author: Jeff Zhang <zjffdu@apache.org>
Date:   2016-12-15T07:29:07Z

    ZEPPELIN-1761. CI: ZeppelinSparkClusterTest .pySpark* fail the build

----


Github user AlexanderShoshin commented on the issue:

    https://github.com/apache/zeppelin/pull/1765
  
    I had similar issue a week ago:
    log - https://api.travis-ci.org/jobs/201058125/log.txt?deansi=true
    config - https://travis-ci.org/apache/zeppelin/jobs/201058125/config
    



Github user asfgit closed the pull request at:

    https://github.com/apache/zeppelin/pull/1765


